START 2026-09-29T15:21:51Z
NVIDIA RTX PRO 6000 Blackwell Workstation Edition, 610.57.04, 97887 MiB, 12.0
Failed to get device capability: SM 12.x requires CUDA >= 12.9.
Failed to get device capability: SM 12.x requires CUDA >= 12.9.
torch 2.13.0+cu130 cuda 13.0
flashinfer 0.6.16.post3
device NVIDIA RTX PRO 6000 Blackwell Workstation Edition (12, 0)
CUDA_HOME=/workspace/venv/lib/python3.12/site-packages/nvidia/cu13 nvcc=/workspace/venv/lib/python3.12/site-packages/nvidia/cu13/bin/nvcc
== conformance
Traceback (most recent call last):
  File "/workspace/venv/lib/python3.12/site-packages/flashinfer/jit/cpp_ext.py", line 370, in run_ninja
    subprocess.run(
  File "/usr/lib/python3.12/subprocess.py", line 571, in run
    raise CalledProcessError(retcode, process.args,
subprocess.CalledProcessError: Command '['ninja', '-v', '-C', '/root/.cache/flashinfer/0.6.16.post3/120f/cached_ops/fp4_quantization_120f', '-f', '/root/.cache/flashinfer/0.6.16.post3/120f/cached_ops/fp4_quantization_120f/build.ninja', '-j', '8']' returned non-zero exit status 1.

The above exception was the direct cause of the following exception:

Traceback (most recent call last):
  File "<frozen runpy>", line 198, in _run_module_as_main
  File "<frozen runpy>", line 88, in _run_code
  File "/workspace/sm120-fp4/sm120fp4/cli.py", line 168, in <module>
    sys.exit(main())
             ^^^^^^
  File "/workspace/sm120-fp4/sm120fp4/cli.py", line 151, in main
    report["checks"] = {"layout": check_layout(fi, dev), "quantize": check_quantize(fi, dev),
                                  ^^^^^^^^^^^^^^^^^^^^^
  File "/workspace/sm120-fp4/sm120fp4/cli.py", line 49, in check_layout
    theirs = fi.nvfp4_block_scale_interleave(sf).reshape(-1)
             ^^^^^^^^^^^^^^^^^^^^^^^^^^^^^^^^^^^
  File "/workspace/venv/lib/python3.12/site-packages/flashinfer/quantization/fp4_quantization.py", line 1191, in block_scale_interleave
    return get_fp4_quantization_module(device_arch).block_scale_interleave_sm100(
           ^^^^^^^^^^^^^^^^^^^^^^^^^^^^^^^^^^^^^^^^
  File "/workspace/venv/lib/python3.12/site-packages/flashinfer/quantization/fp4_quantization.py", line 261, in get_fp4_quantization_module
    module = backend_modules[backend]().build_and_load()
             ^^^^^^^^^^^^^^^^^^^^^^^^^^^^^^^^^^^^^^^^^^^
  File "/workspace/venv/lib/python3.12/site-packages/flashinfer/jit/core.py", line 320, in build_and_load
    self.build()
  File "/workspace/venv/lib/python3.12/site-packages/flashinfer/jit/core.py", line 427, in build
    run_ninja(self.build_dir, self.ninja_path, verbose)
  File "/workspace/venv/lib/python3.12/site-packages/flashinfer/jit/cpp_ext.py", line 382, in run_ninja
    raise RuntimeError(msg) from e
RuntimeError: Ninja build failed. Ninja output:
ninja: Entering directory `/root/.cache/flashinfer/0.6.16.post3/120f/cached_ops/fp4_quantization_120f'
[1/8]  c++ -MMD -MF /root/.cache/flashinfer/0.6.16.post3/120f/cached_ops/fp4_quantization_120f/common_tllmException.o.d -DPy_LIMITED_API=0x03090000 -D_GLIBCXX_USE_CXX11_ABI=1 -I/workspace/venv/lib/python3.12/site-packages/flashinfer/data/csrc/nv_internal -I/workspace/venv/lib/python3.12/site-packages/flashinfer/data/csrc/nv_internal/include -I/workspace/venv/lib/python3.12/site-packages/flashinfer/data/cccl/cub -I/workspace/venv/lib/python3.12/site-packages/flashinfer/data/cccl/libcudacxx/include -I/workspace/venv/lib/python3.12/site-packages/flashinfer/data/cccl/thrust -isystem /usr/include/python3.12 -isystem /workspace/venv/lib/python3.12/site-packages/nvidia/cu13/include -isystem /workspace/venv/lib/python3.12/site-packages/tvm_ffi/include -isystem /workspace/venv/lib/python3.12/site-packages/tvm_ffi/include -isystem /workspace/venv/lib/python3.12/site-packages/flashinfer/data/include -isystem /workspace/venv/lib/python3.12/site-packages/flashinfer/data/csrc -isystem /workspace/venv/lib/python3.12/site-packages/flashinfer/data/cutlass/include -isystem /workspace/venv/lib/python3.12/site-packages/flashinfer/data/cutlass/tools/util/include -isystem /workspace/venv/lib/python3.12/site-packages/flashinfer/data/spdlog/include -fPIC -std=c++17 -Wno-switch-bool -DNDEBUG -O3 -DENABLE_BF16 -DENABLE_FP8 -DENABLE_FP4 -c /workspace/venv/lib/python3.12/site-packages/flashinfer/data/csrc/nv_internal/cpp/common/tllmException.cpp -o /root/.cache/flashinfer/0.6.16.post3/120f/cached_ops/fp4_quantization_120f/common_tllmException.o 
[2/8]  c++ -MMD -MF /root/.cache/flashinfer/0.6.16.post3/120f/cached_ops/fp4_quantization_120f/common_stringUtils.o.d -DPy_LIMITED_API=0x03090000 -D_GLIBCXX_USE_CXX11_ABI=1 -I/workspace/venv/lib/python3.12/site-packages/flashinfer/data/csrc/nv_internal -I/workspace/venv/lib/python3.12/site-packages/flashinfer/data/csrc/nv_internal/include -I/workspace/venv/lib/python3.12/site-packages/flashinfer/data/cccl/cub -I/workspace/venv/lib/python3.12/site-packages/flashinfer/data/cccl/libcudacxx/include -I/workspace/venv/lib/python3.12/site-packages/flashinfer/data/cccl/thrust -isystem /usr/include/python3.12 -isystem /workspace/venv/lib/python3.12/site-packages/nvidia/cu13/include -isystem /workspace/venv/lib/python3.12/site-packages/tvm_ffi/include -isystem /workspace/venv/lib/python3.12/site-packages/tvm_ffi/include -isystem /workspace/venv/lib/python3.12/site-packages/flashinfer/data/include -isystem /workspace/venv/lib/python3.12/site-packages/flashinfer/data/csrc -isystem /workspace/venv/lib/python3.12/site-packages/flashinfer/data/cutlass/include -isystem /workspace/venv/lib/python3.12/site-packages/flashinfer/data/cutlass/tools/util/include -isystem /workspace/venv/lib/python3.12/site-packages/flashinfer/data/spdlog/include -fPIC -std=c++17 -Wno-switch-bool -DNDEBUG -O3 -DENABLE_BF16 -DENABLE_FP8 -DENABLE_FP4 -c /workspace/venv/lib/python3.12/site-packages/flashinfer/data/csrc/nv_internal/cpp/common/stringUtils.cpp -o /root/.cache/flashinfer/0.6.16.post3/120f/cached_ops/fp4_quantization_120f/common_stringUtils.o 
[3/8]  /workspace/venv/lib/python3.12/site-packages/nvidia/cu13/bin/nvcc --generate-dependencies-with-compile -MF /root/.cache/flashinfer/0.6.16.post3/120f/cached_ops/fp4_quantization_120f/kernels_quantization.cuda.o.d -DPy_LIMITED_API=0x03090000 -D_GLIBCXX_USE_CXX11_ABI=1 -I/workspace/venv/lib/python3.12/site-packages/flashinfer/data/csrc/nv_internal -I/workspace/venv/lib/python3.12/site-packages/flashinfer/data/csrc/nv_internal/include -I/workspace/venv/lib/python3.12/site-packages/flashinfer/data/cccl/cub -I/workspace/venv/lib/python3.12/site-packages/flashinfer/data/cccl/libcudacxx/include -I/workspace/venv/lib/python3.12/site-packages/flashinfer/data/cccl/thrust -isystem /usr/include/python3.12 -isystem /workspace/venv/lib/python3.12/site-packages/nvidia/cu13/include -isystem /workspace/venv/lib/python3.12/site-packages/tvm_ffi/include -isystem /workspace/venv/lib/python3.12/site-packages/tvm_ffi/include -isystem /workspace/venv/lib/python3.12/site-packages/flashinfer/data/include -isystem /workspace/venv/lib/python3.12/site-packages/flashinfer/data/csrc -isystem /workspace/venv/lib/python3.12/site-packages/flashinfer/data/cutlass/include -isystem /workspace/venv/lib/python3.12/site-packages/flashinfer/data/cutlass/tools/util/include -isystem /workspace/venv/lib/python3.12/site-packages/flashinfer/data/spdlog/include --compiler-options=-fPIC --expt-relaxed-constexpr -static-global-template-stub=false -DFLASHINFER_ENABLE_FP8_E8M0 -DFLASHINFER_ENABLE_FP4_E2M1 -std=c++17 --threads=1 -use_fast_math -Xfatbin=-compress-all -DFLASHINFER_ENABLE_F16 -DFLASHINFER_ENABLE_BF16 -DFLASHINFER_ENABLE_FP8_E4M3 -DFLASHINFER_ENABLE_FP8_E5M2 -DNDEBUG -O3 -gencode=arch=compute_120f,code=sm_120f -DFLASHINFER_ENABLE_FP8_E8M0 -DFLASHINFER_ENABLE_FP4_E2M1 -DENABLE_BF16 -DENABLE_FP8 -DENABLE_FP4 -c /workspace/venv/lib/python3.12/site-packages/flashinfer/data/csrc/nv_internal/cpp/kernels/quantization.cu -o /root/.cache/flashinfer/0.6.16.post3/120f/cached_ops/fp4_quantization_120f/kernels_quantization.cuda.o 
FAILED: [code=1] /root/.cache/flashinfer/0.6.16.post3/120f/cached_ops/fp4_quantization_120f/kernels_quantization.cuda.o 
 /workspace/venv/lib/python3.12/site-packages/nvidia/cu13/bin/nvcc --generate-dependencies-with-compile -MF /root/.cache/flashinfer/0.6.16.post3/120f/cached_ops/fp4_quantization_120f/kernels_quantization.cuda.o.d -DPy_LIMITED_API=0x03090000 -D_GLIBCXX_USE_CXX11_ABI=1 -I/workspace/venv/lib/python3.12/site-packages/flashinfer/data/csrc/nv_internal -I/workspace/venv/lib/python3.12/site-packages/flashinfer/data/csrc/nv_internal/include -I/workspace/venv/lib/python3.12/site-packages/flashinfer/data/cccl/cub -I/workspace/venv/lib/python3.12/site-packages/flashinfer/data/cccl/libcudacxx/include -I/workspace/venv/lib/python3.12/site-packages/flashinfer/data/cccl/thrust -isystem /usr/include/python3.12 -isystem /workspace/venv/lib/python3.12/site-packages/nvidia/cu13/include -isystem /workspace/venv/lib/python3.12/site-packages/tvm_ffi/include -isystem /workspace/venv/lib/python3.12/site-packages/tvm_ffi/include -isystem /workspace/venv/lib/python3.12/site-packages/flashinfer/data/include -isystem /workspace/venv/lib/python3.12/site-packages/flashinfer/data/csrc -isystem /workspace/venv/lib/python3.12/site-packages/flashinfer/data/cutlass/include -isystem /workspace/venv/lib/python3.12/site-packages/flashinfer/data/cutlass/tools/util/include -isystem /workspace/venv/lib/python3.12/site-packages/flashinfer/data/spdlog/include --compiler-options=-fPIC --expt-relaxed-constexpr -static-global-template-stub=false -DFLASHINFER_ENABLE_FP8_E8M0 -DFLASHINFER_ENABLE_FP4_E2M1 -std=c++17 --threads=1 -use_fast_math -Xfatbin=-compress-all -DFLASHINFER_ENABLE_F16 -DFLASHINFER_ENABLE_BF16 -DFLASHINFER_ENABLE_FP8_E4M3 -DFLASHINFER_ENABLE_FP8_E5M2 -DNDEBUG -O3 -gencode=arch=compute_120f,code=sm_120f -DFLASHINFER_ENABLE_FP8_E8M0 -DFLASHINFER_ENABLE_FP4_E2M1 -DENABLE_BF16 -DENABLE_FP8 -DENABLE_FP4 -c /workspace/venv/lib/python3.12/site-packages/flashinfer/data/csrc/nv_internal/cpp/kernels/quantization.cu -o /root/.cache/flashinfer/0.6.16.post3/120f/cached_ops/fp4_quantization_120f/kernels_quantization.cuda.o 
In file included from /workspace/venv/lib/python3.12/site-packages/flashinfer/data/cccl/libcudacxx/include/cuda/std/__cccl/extended_data_types.h:26,
                 from /workspace/venv/lib/python3.12/site-packages/flashinfer/data/cccl/libcudacxx/include/cuda/std/__cccl/builtin.h:26,
                 from /workspace/venv/lib/python3.12/site-packages/flashinfer/data/cccl/libcudacxx/include/cuda/std/__cccl/dialect.h:25,
                 from /workspace/venv/lib/python3.12/site-packages/flashinfer/data/cccl/libcudacxx/include/cuda/std/__cccl/attributes.h:26,
                 from /workspace/venv/lib/python3.12/site-packages/flashinfer/data/cccl/libcudacxx/include/cuda/std/__cccl/assert.h:25,
                 from /workspace/venv/lib/python3.12/site-packages/flashinfer/data/cccl/libcudacxx/include/cuda/__cccl_config:15,
                 from /workspace/venv/lib/python3.12/site-packages/flashinfer/data/cccl/cub/cub/config.cuh:12,
                 from /workspace/venv/lib/python3.12/site-packages/flashinfer/data/cccl/cub/cub/cub.cuh:13,
                 from /workspace/venv/lib/python3.12/site-packages/flashinfer/data/csrc/nv_internal/cpp/kernels/quantization.cu:21:
/workspace/venv/lib/python3.12/site-packages/flashinfer/data/cccl/libcudacxx/include/cuda/std/__cccl/cuda_toolkit.h:41:8: error: #error "CUDA compiler and CUDA toolkit headers are incompatible, please check your include paths"
   41 | #      error "CUDA compiler and CUDA toolkit headers are incompatible, please check your include paths"
      |        ^~~~~
[4/8]  c++ -MMD -MF /root/.cache/flashinfer/0.6.16.post3/120f/cached_ops/fp4_quantization_120f/common_logger.o.d -DPy_LIMITED_API=0x03090000 -D_GLIBCXX_USE_CXX11_ABI=1 -I/workspace/venv/lib/python3.12/site-packages/flashinfer/data/csrc/nv_internal -I/workspace/venv/lib/python3.12/site-packages/flashinfer/data/csrc/nv_internal/include -I/workspace/venv/lib/python3.12/site-packages/flashinfer/data/cccl/cub -I/workspace/venv/lib/python3.12/site-packages/flashinfer/data/cccl/libcudacxx/include -I/workspace/venv/lib/python3.12/site-packages/flashinfer/data/cccl/thrust -isystem /usr/include/python3.12 -isystem /workspace/venv/lib/python3.12/site-packages/nvidia/cu13/include -isystem /workspace/venv/lib/python3.12/site-packages/tvm_ffi/include -isystem /workspace/venv/lib/python3.12/site-packages/tvm_ffi/include -isystem /workspace/venv/lib/python3.12/site-packages/flashinfer/data/include -isystem /workspace/venv/lib/python3.12/site-packages/flashinfer/data/csrc -isystem /workspace/venv/lib/python3.12/site-packages/flashinfer/data/cutlass/include -isystem /workspace/venv/lib/python3.12/site-packages/flashinfer/data/cutlass/tools/util/include -isystem /workspace/venv/lib/python3.12/site-packages/flashinfer/data/spdlog/include -fPIC -std=c++17 -Wno-switch-bool -DNDEBUG -O3 -DENABLE_BF16 -DENABLE_FP8 -DENABLE_FP4 -c /workspace/venv/lib/python3.12/site-packages/flashinfer/data/csrc/nv_internal/cpp/common/logger.cpp -o /root/.cache/flashinfer/0.6.16.post3/120f/cached_ops/fp4_quantization_120f/common_logger.o 
[5/8]  c++ -MMD -MF /root/.cache/flashinfer/0.6.16.post3/120f/cached_ops/fp4_quantization_120f/common_envUtils.o.d -DPy_LIMITED_API=0x03090000 -D_GLIBCXX_USE_CXX11_ABI=1 -I/workspace/venv/lib/python3.12/site-packages/flashinfer/data/csrc/nv_internal -I/workspace/venv/lib/python3.12/site-packages/flashinfer/data/csrc/nv_internal/include -I/workspace/venv/lib/python3.12/site-packages/flashinfer/data/cccl/cub -I/workspace/venv/lib/python3.12/site-packages/flashinfer/data/cccl/libcudacxx/include -I/workspace/venv/lib/python3.12/site-packages/flashinfer/data/cccl/thrust -isystem /usr/include/python3.12 -isystem /workspace/venv/lib/python3.12/site-packages/nvidia/cu13/include -isystem /workspace/venv/lib/python3.12/site-packages/tvm_ffi/include -isystem /workspace/venv/lib/python3.12/site-packages/tvm_ffi/include -isystem /workspace/venv/lib/python3.12/site-packages/flashinfer/data/include -isystem /workspace/venv/lib/python3.12/site-packages/flashinfer/data/csrc -isystem /workspace/venv/lib/python3.12/site-packages/flashinfer/data/cutlass/include -isystem /workspace/venv/lib/python3.12/site-packages/flashinfer/data/cutlass/tools/util/include -isystem /workspace/venv/lib/python3.12/site-packages/flashinfer/data/spdlog/include -fPIC -std=c++17 -Wno-switch-bool -DNDEBUG -O3 -DENABLE_BF16 -DENABLE_FP8 -DENABLE_FP4 -c /workspace/venv/lib/python3.12/site-packages/flashinfer/data/csrc/nv_internal/cpp/common/envUtils.cpp -o /root/.cache/flashinfer/0.6.16.post3/120f/cached_ops/fp4_quantization_120f/common_envUtils.o 
[6/8]  c++ -MMD -MF /root/.cache/flashinfer/0.6.16.post3/120f/cached_ops/fp4_quantization_120f/thop_fp4Quantize.o.d -DPy_LIMITED_API=0x03090000 -D_GLIBCXX_USE_CXX11_ABI=1 -I/workspace/venv/lib/python3.12/site-packages/flashinfer/data/csrc/nv_internal -I/workspace/venv/lib/python3.12/site-packages/flashinfer/data/csrc/nv_internal/include -I/workspace/venv/lib/python3.12/site-packages/flashinfer/data/cccl/cub -I/workspace/venv/lib/python3.12/site-packages/flashinfer/data/cccl/libcudacxx/include -I/workspace/venv/lib/python3.12/site-packages/flashinfer/data/cccl/thrust -isystem /usr/include/python3.12 -isystem /workspace/venv/lib/python3.12/site-packages/nvidia/cu13/include -isystem /workspace/venv/lib/python3.12/site-packages/tvm_ffi/include -isystem /workspace/venv/lib/python3.12/site-packages/tvm_ffi/include -isystem /workspace/venv/lib/python3.12/site-packages/flashinfer/data/include -isystem /workspace/venv/lib/python3.12/site-packages/flashinfer/data/csrc -isystem /workspace/venv/lib/python3.12/site-packages/flashinfer/data/cutlass/include -isystem /workspace/venv/lib/python3.12/site-packages/flashinfer/data/cutlass/tools/util/include -isystem /workspace/venv/lib/python3.12/site-packages/flashinfer/data/spdlog/include -fPIC -std=c++17 -Wno-switch-bool -DNDEBUG -O3 -DENABLE_BF16 -DENABLE_FP8 -DENABLE_FP4 -c /workspace/venv/lib/python3.12/site-packages/flashinfer/data/csrc/nv_internal/tensorrt_llm/thop/fp4Quantize.cpp -o /root/.cache/flashinfer/0.6.16.post3/120f/cached_ops/fp4_quantization_120f/thop_fp4Quantize.o 
[7/8]  c++ -MMD -MF /root/.cache/flashinfer/0.6.16.post3/120f/cached_ops/fp4_quantization_120f/thop_fp4Op.o.d -DPy_LIMITED_API=0x03090000 -D_GLIBCXX_USE_CXX11_ABI=1 -I/workspace/venv/lib/python3.12/site-packages/flashinfer/data/csrc/nv_internal -I/workspace/venv/lib/python3.12/site-packages/flashinfer/data/csrc/nv_internal/include -I/workspace/venv/lib/python3.12/site-packages/flashinfer/data/cccl/cub -I/workspace/venv/lib/python3.12/site-packages/flashinfer/data/cccl/libcudacxx/include -I/workspace/venv/lib/python3.12/site-packages/flashinfer/data/cccl/thrust -isystem /usr/include/python3.12 -isystem /workspace/venv/lib/python3.12/site-packages/nvidia/cu13/include -isystem /workspace/venv/lib/python3.12/site-packages/tvm_ffi/include -isystem /workspace/venv/lib/python3.12/site-packages/tvm_ffi/include -isystem /workspace/venv/lib/python3.12/site-packages/flashinfer/data/include -isystem /workspace/venv/lib/python3.12/site-packages/flashinfer/data/csrc -isystem /workspace/venv/lib/python3.12/site-packages/flashinfer/data/cutlass/include -isystem /workspace/venv/lib/python3.12/site-packages/flashinfer/data/cutlass/tools/util/include -isystem /workspace/venv/lib/python3.12/site-packages/flashinfer/data/spdlog/include -fPIC -std=c++17 -Wno-switch-bool -DNDEBUG -O3 -DENABLE_BF16 -DENABLE_FP8 -DENABLE_FP4 -c /workspace/venv/lib/python3.12/site-packages/flashinfer/data/csrc/nv_internal/tensorrt_llm/thop/fp4Op.cpp -o /root/.cache/flashinfer/0.6.16.post3/120f/cached_ops/fp4_quantization_120f/thop_fp4Op.o 
ninja: build stopped: subcommand failed.

CONFORMANCE_RC=1
== tactics
2026-09-29 15:22:10,784 - INFO - cute_dsl_core.py:177 - flashinfer.jit: Compiling CuTe-DSL kernel mm_fp4_sm120a_cute_dsl/sf16_t128x64_c1x1_swap0_pf0_sm100_tmax_pdl1_bfloat16_b1_mac188
2026-09-29 15:22:10,810 - INFO - cute_dsl_core.py:177 - flashinfer.jit: Compiling CuTe-DSL kernel mm_fp4_sm120a_cute_dsl/sf16_t128x64_c1x1_swap0_pf0_sm100_tmax_pdl1_bfloat16_b1_mac188
2026-09-29 15:22:10,856 - INFO - cute_dsl_core.py:177 - flashinfer.jit: Compiling CuTe-DSL kernel mm_fp4_sm120a_cute_dsl/sf16_t128x64_c1x2_swap0_pf0_sm100_tmax_pdl1_bfloat16_b1_mac94
2026-09-29 15:22:10,901 - INFO - cute_dsl_core.py:177 - flashinfer.jit: Compiling CuTe-DSL kernel mm_fp4_sm120a_cute_dsl/sf16_t128x64_c1x4_swap0_pf0_sm100_tmax_pdl1_bfloat16_b1_mac46
2026-09-29 15:22:10,908 - INFO - cute_dsl_core.py:177 - flashinfer.jit: Compiling CuTe-DSL kernel mm_fp4_sm120a_cute_dsl/sf16_t128x64_c2x1_swap0_pf0_sm100_tmax_pdl1_bfloat16_b1_mac94
2026-09-29 15:22:10,914 - INFO - cute_dsl_core.py:177 - flashinfer.jit: Compiling CuTe-DSL kernel mm_fp4_sm120a_cute_dsl/sf16_t128x64_c2x2_swap0_pf0_sm100_tmax_pdl1_bfloat16_b1_mac46
2026-09-29 15:22:10,958 - INFO - cute_dsl_core.py:177 - flashinfer.jit: Compiling CuTe-DSL kernel mm_fp4_sm120a_cute_dsl/sf16_t128x64_c2x4_swap0_pf0_sm100_tmax_pdl1_bfloat16_b1_mac22
2026-09-29 15:22:10,965 - INFO - cute_dsl_core.py:177 - flashinfer.jit: Compiling CuTe-DSL kernel mm_fp4_sm120a_cute_dsl/sf16_t128x64_c4x1_swap0_pf0_sm100_tmax_pdl1_bfloat16_b1_mac46
2026-09-29 15:22:10,971 - INFO - cute_dsl_core.py:177 - flashinfer.jit: Compiling CuTe-DSL kernel mm_fp4_sm120a_cute_dsl/sf16_t128x64_c4x2_swap0_pf0_sm100_tmax_pdl1_bfloat16_b1_mac22
2026-09-29 15:22:11,016 - INFO - cute_dsl_core.py:177 - flashinfer.jit: Compiling CuTe-DSL kernel mm_fp4_sm120a_cute_dsl/sf16_t128x64_c4x4_swap0_pf0_sm100_tmax_pdl1_bfloat16_b1_mac10
2026-09-29 15:22:11,023 - INFO - cute_dsl_core.py:177 - flashinfer.jit: Compiling CuTe-DSL kernel mm_fp4_sm120a_cute_dsl/sf16_t256x64_c2x1_swap1_pf0_sm100_tmax_pdl1_bfloat16_b1_mac94
2026-09-29 15:22:11,028 - INFO - cute_dsl_core.py:177 - flashinfer.jit: Compiling CuTe-DSL kernel mm_fp4_sm120a_cute_dsl/sf16_t256x64_c2x2_swap1_pf0_sm100_tmax_pdl1_bfloat16_b1_mac46
2026-09-29 15:22:11,034 - INFO - cute_dsl_core.py:177 - flashinfer.jit: Compiling CuTe-DSL kernel mm_fp4_sm120a_cute_dsl/sf16_t256x64_c2x4_swap1_pf0_sm100_tmax_pdl1_bfloat16_b1_mac22
2026-09-29 15:22:11,040 - INFO - cute_dsl_core.py:177 - flashinfer.jit: Compiling CuTe-DSL kernel mm_fp4_sm120a_cute_dsl/sf16_t256x64_c4x1_swap1_pf0_sm100_tmax_pdl1_bfloat16_b1_mac46
2026-09-29 15:22:11,045 - INFO - cute_dsl_core.py:177 - flashinfer.jit: Compiling CuTe-DSL kernel mm_fp4_sm120a_cute_dsl/sf16_t256x64_c4x2_swap1_pf0_sm100_tmax_pdl1_bfloat16_b1_mac22
2026-09-29 15:22:11,051 - INFO - cute_dsl_core.py:177 - flashinfer.jit: Compiling CuTe-DSL kernel mm_fp4_sm120a_cute_dsl/sf16_t256x64_c4x4_swap1_pf0_sm100_tmax_pdl1_bfloat16_b1_mac10
2026-09-29 15:22:11,057 - INFO - cute_dsl_core.py:177 - flashinfer.jit: Compiling CuTe-DSL kernel mm_fp4_sm120a_cute_dsl/sf16_t128x64_c1x1_swap1_pf0_sm100_tmax_pdl1_bfloat16_b1_mac188
2026-09-29 15:22:11,071 - INFO - cute_dsl_core.py:177 - flashinfer.jit: Compiling CuTe-DSL kernel mm_fp4_sm120a_cute_dsl/sf16_t128x16_c1x1_swap1_pf0_sm100_tmax_pdl1_bfloat16_b1_mac188
2026-09-29 15:22:11,078 - INFO - cute_dsl_core.py:177 - flashinfer.jit: Compiling CuTe-DSL kernel mm_fp4_sm120a_cute_dsl/sf16_t128x16_c1x1_swap1_pf0_sm100_tmax_pdl1_bfloat16_b1_mac188
2026-09-29 15:22:11,084 - INFO - cute_dsl_core.py:177 - flashinfer.jit: Compiling CuTe-DSL kernel mm_fp4_sm120a_cute_dsl/sf16_t128x16_c2x1_swap1_pf0_sm100_tmax_pdl1_bfloat16_b1_mac94
2026-09-29 15:22:11,090 - INFO - cute_dsl_core.py:177 - flashinfer.jit: Compiling CuTe-DSL kernel mm_fp4_sm120a_cute_dsl/sf16_t128x16_c4x1_swap1_pf0_sm100_tmax_pdl1_bfloat16_b1_mac46
2026-09-29 15:22:11,097 - INFO - cute_dsl_core.py:177 - flashinfer.jit: Compiling CuTe-DSL kernel mm_fp4_sm120a_cute_dsl/sf16_t128x32_c1x1_swap1_pf0_sm100_tmax_pdl1_bfloat16_b1_mac188
2026-09-29 15:22:11,103 - INFO - cute_dsl_core.py:177 - flashinfer.jit: Compiling CuTe-DSL kernel mm_fp4_sm120a_cute_dsl/sf16_t128x32_c2x1_swap1_pf0_sm100_tmax_pdl1_bfloat16_b1_mac94
2026-09-29 15:22:11,110 - INFO - cute_dsl_core.py:177 - flashinfer.jit: Compiling CuTe-DSL kernel mm_fp4_sm120a_cute_dsl/sf16_t128x32_c4x1_swap1_pf0_sm100_tmax_pdl1_bfloat16_b1_mac46
2026-09-29 15:22:11,121 - INFO - cute_dsl_core.py:177 - flashinfer.jit: Compiling CuTe-DSL kernel mm_fp4_sm120a_cute_dsl/sf16_t128x8_c1x1_swap1_pf0_sm100_tmax_pdl1_bfloat16_b1_mac188
2026-09-29 15:22:11,128 - INFO - cute_dsl_core.py:177 - flashinfer.jit: Compiling CuTe-DSL kernel mm_fp4_sm120a_cute_dsl/sf16_t128x8_c1x1_swap1_pf0_sm100_tmax_pdl1_bfloat16_b1_mac188
2026-09-29 15:22:11,134 - INFO - cute_dsl_core.py:177 - flashinfer.jit: Compiling CuTe-DSL kernel mm_fp4_sm120a_cute_dsl/sf16_t128x8_c2x1_swap1_pf0_sm100_tmax_pdl1_bfloat16_b1_mac94
2026-09-29 15:22:11,141 - INFO - cute_dsl_core.py:177 - flashinfer.jit: Compiling CuTe-DSL kernel mm_fp4_sm120a_cute_dsl/sf16_t128x8_c4x1_swap1_pf0_sm100_tmax_pdl1_bfloat16_b1_mac46
2026-09-29 15:22:11,147 - INFO - cute_dsl_core.py:177 - flashinfer.jit: Compiling CuTe-DSL kernel mm_fp4_sm120a_cute_dsl/sf16_t128x16_c1x1_swap1_pf0_sm100_tmax_pdl1_bfloat16_b1_mac188
2026-09-29 15:22:11,154 - INFO - cute_dsl_core.py:177 - flashinfer.jit: Compiling CuTe-DSL kernel mm_fp4_sm120a_cute_dsl/sf16_t128x16_c2x1_swap1_pf0_sm100_tmax_pdl1_bfloat16_b1_mac94
2026-09-29 15:22:11,160 - INFO - cute_dsl_core.py:177 - flashinfer.jit: Compiling CuTe-DSL kernel mm_fp4_sm120a_cute_dsl/sf16_t128x16_c4x1_swap1_pf0_sm100_tmax_pdl1_bfloat16_b1_mac46
2026-09-29 15:22:11,167 - INFO - cute_dsl_core.py:177 - flashinfer.jit: Compiling CuTe-DSL kernel mm_fp4_sm120a_cute_dsl/sf16_t128x32_c1x1_swap1_pf0_sm100_tmax_pdl1_bfloat16_b1_mac188
2026-09-29 15:22:11,174 - INFO - cute_dsl_core.py:177 - flashinfer.jit: Compiling CuTe-DSL kernel mm_fp4_sm120a_cute_dsl/sf16_t128x32_c2x1_swap1_pf0_sm100_tmax_pdl1_bfloat16_b1_mac94
2026-09-29 15:22:11,180 - INFO - cute_dsl_core.py:177 - flashinfer.jit: Compiling CuTe-DSL kernel mm_fp4_sm120a_cute_dsl/sf16_t128x32_c4x1_swap1_pf0_sm100_tmax_pdl1_bfloat16_b1_mac46
2026-09-29 15:22:11,192 - INFO - cute_dsl_core.py:177 - flashinfer.jit: Compiling CuTe-DSL kernel mm_fp4_sm120a_cute_dsl/sf16_t256x64_c2x1_swap0_pf0_sm100_tmax_pdl1_bfloat16_b1_mac94
2026-09-29 15:22:11,198 - INFO - cute_dsl_core.py:177 - flashinfer.jit: Compiling CuTe-DSL kernel mm_fp4_sm120a_cute_dsl/sf16_t256x64_c2x1_swap0_pf0_sm100_tmax_pdl1_bfloat16_b1_mac94
2026-09-29 15:22:11,204 - INFO - cute_dsl_core.py:177 - flashinfer.jit: Compiling CuTe-DSL kernel mm_fp4_sm120a_cute_dsl/sf16_t256x64_c4x1_swap0_pf0_sm100_tmax_pdl1_bfloat16_b1_mac46
2026-09-29 15:22:11,211 - INFO - cute_dsl_core.py:177 - flashinfer.jit: Compiling CuTe-DSL kernel mm_fp4_sm120a_cute_dsl/sf16_t128x64_c1x1_swap0_pf0_sm100_tmax_pdl1_bfloat16_b1_mac188
2026-09-29 15:22:11,218 - INFO - cute_dsl_core.py:177 - flashinfer.jit: Compiling CuTe-DSL kernel mm_fp4_sm120a_cute_dsl/sf16_t128x64_c2x1_swap0_pf0_sm100_tmax_pdl1_bfloat16_b1_mac94
2026-09-29 15:22:11,224 - INFO - cute_dsl_core.py:177 - flashinfer.jit: Compiling CuTe-DSL kernel mm_fp4_sm120a_cute_dsl/sf16_t256x64_c2x1_swap1_pf0_sm100_tmax_pdl1_bfloat16_b1_mac94
2026-09-29 15:22:11,230 - INFO - cute_dsl_core.py:177 - flashinfer.jit: Compiling CuTe-DSL kernel mm_fp4_sm120a_cute_dsl/sf16_t256x64_c2x2_swap0_pf0_sm100_tmax_pdl1_bfloat16_b1_mac46
2026-09-29 15:22:11,236 - INFO - cute_dsl_core.py:177 - flashinfer.jit: Compiling CuTe-DSL kernel mm_fp4_sm120a_cute_dsl/sf16_t128x64_c4x1_swap0_pf0_sm100_tmax_pdl1_bfloat16_b1_mac46
2026-09-29 15:22:11,243 - INFO - cute_dsl_core.py:177 - flashinfer.jit: Compiling CuTe-DSL kernel mm_fp4_sm120a_cute_dsl/sf16_t256x64_c4x1_swap1_pf0_sm100_tmax_pdl1_bfloat16_b1_mac46
2026-09-29 15:22:11,249 - INFO - cute_dsl_core.py:177 - flashinfer.jit: Compiling CuTe-DSL kernel mm_fp4_sm120a_cute_dsl/sf16_t256x64_c4x2_swap0_pf0_sm100_tmax_pdl1_bfloat16_b1_mac22
2026-09-29 15:22:11,255 - INFO - cute_dsl_core.py:177 - flashinfer.jit: Compiling CuTe-DSL kernel mm_fp4_sm120a_cute_dsl/sf16_t128x64_c1x1_swap1_pf0_sm100_tmax_pdl1_bfloat16_b1_mac188
2026-09-29 15:22:11,262 - INFO - cute_dsl_core.py:177 - flashinfer.jit: Compiling CuTe-DSL kernel mm_fp4_sm120a_cute_dsl/sf16_t128x64_c1x2_swap0_pf0_sm100_tmax_pdl1_bfloat16_b1_mac94
2026-09-29 15:22:11,268 - INFO - cute_dsl_core.py:177 - flashinfer.jit: Compiling CuTe-DSL kernel mm_fp4_sm120a_cute_dsl/sf16_t128x64_c2x1_swap1_pf0_sm100_tmax_pdl1_bfloat16_b1_mac94
2026-09-29 15:22:11,275 - INFO - cute_dsl_core.py:177 - flashinfer.jit: Compiling CuTe-DSL kernel mm_fp4_sm120a_cute_dsl/sf16_t128x64_c2x2_swap0_pf0_sm100_tmax_pdl1_bfloat16_b1_mac46
2026-09-29 15:22:11,281 - INFO - cute_dsl_core.py:177 - flashinfer.jit: Compiling CuTe-DSL kernel mm_fp4_sm120a_cute_dsl/sf16_t256x64_c2x4_swap0_pf0_sm100_tmax_pdl1_bfloat16_b1_mac22
2026-09-29 15:22:11,288 - INFO - cute_dsl_core.py:177 - flashinfer.jit: Compiling CuTe-DSL kernel mm_fp4_sm120a_cute_dsl/sf16_t256x64_c2x2_swap1_pf0_sm100_tmax_pdl1_bfloat16_b1_mac46
2026-09-29 15:22:11,294 - INFO - cute_dsl_core.py:177 - flashinfer.jit: Compiling CuTe-DSL kernel mm_fp4_sm120a_cute_dsl/sf16_t128x64_c4x1_swap1_pf0_sm100_tmax_pdl1_bfloat16_b1_mac46
2026-09-29 15:22:11,310 - INFO - cute_dsl_core.py:177 - flashinfer.jit: Compiling CuTe-DSL kernel mm_fp4_sm120a_cute_dsl/sf16_t256x256_c2x1_swap0_pf0_sm100_tmax_pdl1_bfloat16_b1_mac94
2026-09-29 15:22:11,317 - INFO - cute_dsl_core.py:177 - flashinfer.jit: Compiling CuTe-DSL kernel mm_fp4_sm120a_cute_dsl/sf16_t256x256_c2x1_swap0_pf0_sm100_tmax_pdl1_bfloat16_b1_mac94
2026-09-29 15:22:11,323 - INFO - cute_dsl_core.py:177 - flashinfer.jit: Compiling CuTe-DSL kernel mm_fp4_sm120a_cute_dsl/sf16_t256x256_c4x1_swap0_pf0_sm100_tmax_pdl1_bfloat16_b1_mac46
2026-09-29 15:22:11,330 - INFO - cute_dsl_core.py:177 - flashinfer.jit: Compiling CuTe-DSL kernel mm_fp4_sm120a_cute_dsl/sf16_t128x256_c1x1_swap0_pf0_sm100_tmax_pdl1_bfloat16_b1_mac188
2026-09-29 15:22:11,336 - INFO - cute_dsl_core.py:177 - flashinfer.jit: Compiling CuTe-DSL kernel mm_fp4_sm120a_cute_dsl/sf16_t128x256_c2x1_swap0_pf0_sm100_tmax_pdl1_bfloat16_b1_mac94
2026-09-29 15:22:11,342 - INFO - cute_dsl_core.py:177 - flashinfer.jit: Compiling CuTe-DSL kernel mm_fp4_sm120a_cute_dsl/sf16_t256x256_c2x1_swap1_pf0_sm100_tmax_pdl1_bfloat16_b1_mac94
2026-09-29 15:22:11,349 - INFO - cute_dsl_core.py:177 - flashinfer.jit: Compiling CuTe-DSL kernel mm_fp4_sm120a_cute_dsl/sf16_t256x256_c2x2_swap0_pf0_sm100_tmax_pdl1_bfloat16_b1_mac46
2026-09-29 15:22:11,355 - INFO - cute_dsl_core.py:177 - flashinfer.jit: Compiling CuTe-DSL kernel mm_fp4_sm120a_cute_dsl/sf16_t128x256_c4x1_swap0_pf0_sm100_tmax_pdl1_bfloat16_b1_mac46
2026-09-29 15:22:11,362 - INFO - cute_dsl_core.py:177 - flashinfer.jit: Compiling CuTe-DSL kernel mm_fp4_sm120a_cute_dsl/sf16_t256x256_c4x1_swap1_pf0_sm100_tmax_pdl1_bfloat16_b1_mac46
2026-09-29 15:22:11,368 - INFO - cute_dsl_core.py:177 - flashinfer.jit: Compiling CuTe-DSL kernel mm_fp4_sm120a_cute_dsl/sf16_t256x256_c4x2_swap0_pf0_sm100_tmax_pdl1_bfloat16_b1_mac22
2026-09-29 15:22:11,374 - INFO - cute_dsl_core.py:177 - flashinfer.jit: Compiling CuTe-DSL kernel mm_fp4_sm120a_cute_dsl/sf16_t128x256_c1x1_swap1_pf0_sm100_tmax_pdl1_bfloat16_b1_mac188
2026-09-29 15:22:11,381 - INFO - cute_dsl_core.py:177 - flashinfer.jit: Compiling CuTe-DSL kernel mm_fp4_sm120a_cute_dsl/sf16_t128x256_c1x2_swap0_pf0_sm100_tmax_pdl1_bfloat16_b1_mac94
2026-09-29 15:22:11,387 - INFO - cute_dsl_core.py:177 - flashinfer.jit: Compiling CuTe-DSL kernel mm_fp4_sm120a_cute_dsl/sf16_t128x256_c2x2_swap0_pf0_sm100_tmax_pdl1_bfloat16_b1_mac46
2026-09-29 15:22:11,394 - INFO - cute_dsl_core.py:177 - flashinfer.jit: Compiling CuTe-DSL kernel mm_fp4_sm120a_cute_dsl/sf16_t128x256_c2x1_swap1_pf0_sm100_tmax_pdl1_bfloat16_b1_mac94
2026-09-29 15:22:11,401 - INFO - cute_dsl_core.py:177 - flashinfer.jit: Compiling CuTe-DSL kernel mm_fp4_sm120a_cute_dsl/sf16_t256x256_c2x4_swap0_pf0_sm100_tmax_pdl1_bfloat16_b1_mac22
2026-09-29 15:22:11,407 - INFO - cute_dsl_core.py:177 - flashinfer.jit: Compiling CuTe-DSL kernel mm_fp4_sm120a_cute_dsl/sf16_t256x256_c2x2_swap1_pf0_sm100_tmax_pdl1_bfloat16_b1_mac46
2026-09-29 15:22:11,414 - INFO - cute_dsl_core.py:177 - flashinfer.jit: Compiling CuTe-DSL kernel mm_fp4_sm120a_cute_dsl/sf16_t128x256_c4x1_swap1_pf0_sm100_tmax_pdl1_bfloat16_b1_mac46
cutlass: RuntimeError: Ninja build failed. Ninja output:
ninja: Entering directory `/root/.cache/flashinfer/0.6.16.post3/120f/cached_ops/fp4_gemm_cutlass_sm120'
[1/18]  /workspace/venv/lib/python3.12/site-packages/nvidia/cu
b12x 128x256x512: presented 8, ran 8, correct 8, default 0.01942400075495243 ms, fastest ((64, 64), (1, 1), False, False, 'sm120', None) at 0.016736000776290894 ms, 5 distinct timings
b12x 16x4096x4096: presented 8, ran 8, correct 8, default 0.019711999222636223 ms, fastest ((64, 128), (1, 1), False, True, 'sm120', None) at 0.018432000651955605 ms, 8 distinct timings
b12x 1x1024x2048: presented 8, ran 8, correct 8, default 0.018432000651955605 ms, fastest ((64, 64), (1, 1), False, True, 'sm120', None) at 0.016704000532627106 ms, 6 distinct timings
b12x 512x512x1024: presented 8, ran 8, correct 8, default 0.018880000337958336 ms, fastest ((64, 64), (1, 1), False, False, 'sm120', None) at 0.01692800037562847 ms, 6 distinct timings
b12x 4096x4096x4096: presented 8, ran 8, correct 8, default 0.1170239970088005 ms, fastest ((128, 128), (1, 1), False, True, 'sm120', None) at 0.1136000007390976 ms, 8 distinct timings
cute-dsl 128x256x512: presented 16, ran 0, correct 0, default None ms, fastest None at None ms, 0 distinct timings
cute-dsl 16x4096x4096: presented 6, ran 0, correct 0, default None ms, fastest None at None ms, 0 distinct timings
cute-dsl 1x1024x2048: presented 9, ran 0, correct 0, default None ms, fastest None at None ms, 0 distinct timings
cute-dsl 512x512x1024: presented 16, ran 0, correct 0, default None ms, fastest None at None ms, 0 distinct timings
cute-dsl 4096x4096x4096: presented 16, ran 0, correct 0, default None ms, fastest None at None ms, 0 distinct timings
written /workspace/out/tactics-2026-09-29.json
TACTICS_RC=0
== pytest
FAILED tests/test_layouts_8x4.py::test_8x4_bulk_matches_flashinfer - RuntimeE...
FAILED tests/test_mxfp4.py::test_matches_flashinfer_scales_and_codes - Runtim...
FAILED tests/test_quantize.py::test_matches_flashinfer_values - RuntimeError:...
FAILED tests/test_quantize.py::test_flashinfer_dequant_agrees_with_reference
8 failed, 18 passed, 25 skipped, 131 warnings in 28.16s
PYTEST_RC=1
DONE 2026-09-29T15:22:43Z
